###############################################################################
#
# IAR ELF Linker V8.11.2.13589/W32 for ARM                26/Nov/2018  19:05:32
# Copyright 2007-2017 IAR Systems AB.
#
#    Output file  =  
#        E:\CORTEX_M0_STM32F030_IAR\Projects\STM32F0xx_APP\EWARM\bootloader\Exe\app.out
#    Map file     =  
#        E:\CORTEX_M0_STM32F030_IAR\Projects\STM32F0xx_APP\EWARM\bootloader\List\app.map
#    Command line =  
#        -f C:\Users\zh\AppData\Local\Temp\EW7BC5.tmp
#        (E:\CORTEX_M0_STM32F030_IAR\Projects\STM32F0xx_APP\EWARM\bootloader\Obj\adc.o
#        E:\CORTEX_M0_STM32F030_IAR\Projects\STM32F0xx_APP\EWARM\bootloader\Obj\common.o
#        E:\CORTEX_M0_STM32F030_IAR\Projects\STM32F0xx_APP\EWARM\bootloader\Obj\crc_soft.o
#        E:\CORTEX_M0_STM32F030_IAR\Projects\STM32F0xx_APP\EWARM\bootloader\Obj\croutine.o
#        E:\CORTEX_M0_STM32F030_IAR\Projects\STM32F0xx_APP\EWARM\bootloader\Obj\e2prom.o
#        E:\CORTEX_M0_STM32F030_IAR\Projects\STM32F0xx_APP\EWARM\bootloader\Obj\event_groups.o
#        E:\CORTEX_M0_STM32F030_IAR\Projects\STM32F0xx_APP\EWARM\bootloader\Obj\flash_if.o
#        E:\CORTEX_M0_STM32F030_IAR\Projects\STM32F0xx_APP\EWARM\bootloader\Obj\gprs.o
#        E:\CORTEX_M0_STM32F030_IAR\Projects\STM32F0xx_APP\EWARM\bootloader\Obj\heap_4.o
#        E:\CORTEX_M0_STM32F030_IAR\Projects\STM32F0xx_APP\EWARM\bootloader\Obj\i2c_soft.o
#        E:\CORTEX_M0_STM32F030_IAR\Projects\STM32F0xx_APP\EWARM\bootloader\Obj\led.o
#        E:\CORTEX_M0_STM32F030_IAR\Projects\STM32F0xx_APP\EWARM\bootloader\Obj\list.o
#        E:\CORTEX_M0_STM32F030_IAR\Libraries\STM32_Cryptographic_Library\binary\EWARM\M0_CryptoFW_2_0_6.a
#        E:\CORTEX_M0_STM32F030_IAR\Projects\STM32F0xx_APP\EWARM\bootloader\Obj\main.o
#        E:\CORTEX_M0_STM32F030_IAR\Projects\STM32F0xx_APP\EWARM\bootloader\Obj\menu.o
#        E:\CORTEX_M0_STM32F030_IAR\Projects\STM32F0xx_APP\EWARM\bootloader\Obj\port.o
#        E:\CORTEX_M0_STM32F030_IAR\Projects\STM32F0xx_APP\EWARM\bootloader\Obj\portasm.o
#        E:\CORTEX_M0_STM32F030_IAR\Projects\STM32F0xx_APP\EWARM\bootloader\Obj\protocol.o
#        E:\CORTEX_M0_STM32F030_IAR\Projects\STM32F0xx_APP\EWARM\bootloader\Obj\queue.o
#        E:\CORTEX_M0_STM32F030_IAR\Projects\STM32F0xx_APP\EWARM\bootloader\Obj\rtc.o
#        E:\CORTEX_M0_STM32F030_IAR\Projects\STM32F0xx_APP\EWARM\bootloader\Obj\serial.o
#        E:\CORTEX_M0_STM32F030_IAR\Projects\STM32F0xx_APP\EWARM\bootloader\Obj\startup_stm32f0xx.o
#        E:\CORTEX_M0_STM32F030_IAR\Projects\STM32F0xx_APP\EWARM\bootloader\Obj\stm320518_eval.o
#        E:\CORTEX_M0_STM32F030_IAR\Projects\STM32F0xx_APP\EWARM\bootloader\Obj\stm32f0xx_adc.o
#        E:\CORTEX_M0_STM32F030_IAR\Projects\STM32F0xx_APP\EWARM\bootloader\Obj\stm32f0xx_cec.o
#        E:\CORTEX_M0_STM32F030_IAR\Projects\STM32F0xx_APP\EWARM\bootloader\Obj\stm32f0xx_comp.o
#        E:\CORTEX_M0_STM32F030_IAR\Projects\STM32F0xx_APP\EWARM\bootloader\Obj\stm32f0xx_crc.o
#        E:\CORTEX_M0_STM32F030_IAR\Projects\STM32F0xx_APP\EWARM\bootloader\Obj\stm32f0xx_dac.o
#        E:\CORTEX_M0_STM32F030_IAR\Projects\STM32F0xx_APP\EWARM\bootloader\Obj\stm32f0xx_dbgmcu.o
#        E:\CORTEX_M0_STM32F030_IAR\Projects\STM32F0xx_APP\EWARM\bootloader\Obj\stm32f0xx_dma.o
#        E:\CORTEX_M0_STM32F030_IAR\Projects\STM32F0xx_APP\EWARM\bootloader\Obj\stm32f0xx_exti.o
#        E:\CORTEX_M0_STM32F030_IAR\Projects\STM32F0xx_APP\EWARM\bootloader\Obj\stm32f0xx_flash.o
#        E:\CORTEX_M0_STM32F030_IAR\Projects\STM32F0xx_APP\EWARM\bootloader\Obj\stm32f0xx_gpio.o
#        E:\CORTEX_M0_STM32F030_IAR\Projects\STM32F0xx_APP\EWARM\bootloader\Obj\stm32f0xx_i2c.o
#        E:\CORTEX_M0_STM32F030_IAR\Projects\STM32F0xx_APP\EWARM\bootloader\Obj\stm32f0xx_it.o
#        E:\CORTEX_M0_STM32F030_IAR\Projects\STM32F0xx_APP\EWARM\bootloader\Obj\stm32f0xx_iwdg.o
#        E:\CORTEX_M0_STM32F030_IAR\Projects\STM32F0xx_APP\EWARM\bootloader\Obj\stm32f0xx_misc.o
#        E:\CORTEX_M0_STM32F030_IAR\Projects\STM32F0xx_APP\EWARM\bootloader\Obj\stm32f0xx_pwr.o
#        E:\CORTEX_M0_STM32F030_IAR\Projects\STM32F0xx_APP\EWARM\bootloader\Obj\stm32f0xx_rcc.o
#        E:\CORTEX_M0_STM32F030_IAR\Projects\STM32F0xx_APP\EWARM\bootloader\Obj\stm32f0xx_rtc.o
#        E:\CORTEX_M0_STM32F030_IAR\Projects\STM32F0xx_APP\EWARM\bootloader\Obj\stm32f0xx_spi.o
#        E:\CORTEX_M0_STM32F030_IAR\Projects\STM32F0xx_APP\EWARM\bootloader\Obj\stm32f0xx_syscfg.o
#        E:\CORTEX_M0_STM32F030_IAR\Projects\STM32F0xx_APP\EWARM\bootloader\Obj\stm32f0xx_tim.o
#        E:\CORTEX_M0_STM32F030_IAR\Projects\STM32F0xx_APP\EWARM\bootloader\Obj\stm32f0xx_usart.o
#        E:\CORTEX_M0_STM32F030_IAR\Projects\STM32F0xx_APP\EWARM\bootloader\Obj\stm32f0xx_wwdg.o
#        E:\CORTEX_M0_STM32F030_IAR\Projects\STM32F0xx_APP\EWARM\bootloader\Obj\stream_buffer.o
#        E:\CORTEX_M0_STM32F030_IAR\Projects\STM32F0xx_APP\EWARM\bootloader\Obj\system_stm32f0xx.o
#        E:\CORTEX_M0_STM32F030_IAR\Projects\STM32F0xx_APP\EWARM\bootloader\Obj\tasks.o
#        E:\CORTEX_M0_STM32F030_IAR\Projects\STM32F0xx_APP\EWARM\bootloader\Obj\timers.o
#        E:\CORTEX_M0_STM32F030_IAR\Projects\STM32F0xx_APP\EWARM\bootloader\Obj\ymodem.o
#        --redirect _Printf=_PrintfFull --redirect _Scanf=_ScanfSmall -o
#        E:\CORTEX_M0_STM32F030_IAR\Projects\STM32F0xx_APP\EWARM\bootloader\Exe\app.out
#        --map
#        E:\CORTEX_M0_STM32F030_IAR\Projects\STM32F0xx_APP\EWARM\bootloader\List\app.map
#        --config
#        E:\CORTEX_M0_STM32F030_IAR\Projects\STM32F0xx_APP\EWARM\stm32f0xx_flash_bootloader.icf
#        --semihosting --entry __iar_program_start --vfe --text_out locale)
#
###############################################################################

*******************************************************************************
*** RUNTIME MODEL ATTRIBUTES
***

CppFlavor       = *
__Heap_Handler  = DLMalloc
__SystemLibrary = DLib
__dlib_version  = 6


*******************************************************************************
*** HEAP SELECTION
***

The advanced heap was selected because the application calls memory
allocation functions outside of system library functions, and there
are calls to deallocation functions in the application.


*******************************************************************************
*** PLACEMENT SUMMARY
***

"A0":  place at 0x08000000 { ro section .intvec };
"P1":  place in [from 0x08000000 to 0x0800ffff] { ro };
define block CSTACK with size = 4K, alignment = 8 { };
define block HEAP with size = 0M, alignment = 8 { };
"P2":  place in [from 0x20000000 to 0x20007fff] {
          rw, block CSTACK, block HEAP };
initialize by copy { rw };

  Section            Kind        Address    Size  Object
  -------            ----        -------    ----  ------
"A0":                                       0xc0
  .intvec            ro code  0x08000000    0xc0  startup_stm32f0xx.o [1]
                            - 0x080000c0    0xc0

"P1":                                     0xaf58
  .text              ro code  0x080000c0  0x16f8  dlmalloc.o [3]
  .text              ro code  0x080017b8     0xa  abort.o [3]
  .rodata            const    0x080017c2     0xa  main.o [1]
  .text              ro code  0x080017cc    0x5c  ABImemcpy.o [5]
  .text              ro code  0x08001828    0x2c  xgetmemchunk.o [3]
  .text              ro code  0x08001854    0x14  exit.o [6]
  .text              ro code  0x08001868  0x1650  protocol.o [1]
  .text              ro code  0x08002eb8     0x8  time_trampoline.o [3]
  .text              ro code  0x08002ec0   0x41c  timers.o [1]
  .text              ro code  0x080032dc   0x8ec  tasks.o [1]
  .text              ro code  0x08003bc8    0x20  IxxToDbl.o [4]
  .text              ro code  0x08003be8    0xc2  DblDiv.o [4]
  .text              ro code  0x08003caa   0x1a8  DblAddSub.o [4]
  .rodata            const    0x08003e52     0x2  stm320518_eval.o [1]
  .text              ro code  0x08003e54    0x52  DblToI32.o [4]
  .rodata            const    0x08003ea6     0x2  stm320518_eval.o [1]
  .text              ro code  0x08003ea8   0x15e  e2prom.o [1]
  .text              ro code  0x08004006    0xe0  I32DivModFast.o [5]
  .text              ro code  0x080040e6   0x180  rtc.o [1]
  .text              ro code  0x08004266     0x2  startup_stm32f0xx.o [1]
  .text              ro code  0x08004268    0x54  ABImemset.o [5]
  .text              ro code  0x080042bc    0x8c  flash_if.o [1]
  .text              ro code  0x08004348    0x32  strstr.o [3]
  .text              ro code  0x0800437a     0x2  startup_stm32f0xx.o [1]
  .text              ro code  0x0800437c   0x138  common.o [1]
  .text              ro code  0x080044b4   0x184  DblMul.o [4]
  .text              ro code  0x08004638   0x210  serial.o [1]
  .text              ro code  0x08004848    0xf4  crc_soft.o [1]
  .text              ro code  0x0800493c   0x17a  stm32f0xx_gpio.o [1]
  .text              ro code  0x08004ab6     0x2  startup_stm32f0xx.o [1]
  .text              ro code  0x08004ab8  0x10ac  main.o [1]
  .text              ro code  0x08005b64   0x208  heap_4.o [1]
  .text              ro code  0x08005d6c    0x9c  list.o [1]
  .text              ro code  0x08005e08   0x622  queue.o [1]
  .text              ro code  0x0800642a     0x2  startup_stm32f0xx.o [1]
  .text              ro code  0x0800642c   0x100  port.o [1]
  .text              ro code  0x0800652c   0x554  i2c_soft.o [1]
  .text              ro code  0x08006a80    0x28  memcmp.o [5]
  .text              ro code  0x08006aa8     0x8  heaptramp0.o [3]
  .text              ro code  0x08006ab0     0x2  IntDivZer.o [5]
  .text              ro code  0x08006ab2     0xe  gmtime.o [3]
  .text              ro code  0x08006ac0    0xf8  mktime.o [3]
  .text              ro code  0x08006bb8   0x192  stm32f0xx_flash.o [1]
  .text              ro code  0x08006d4a    0x16  strchr.o [5]
  .text              ro code  0x08006d60    0x78  stm32f0xx_misc.o [1]
  .text              ro code  0x08006dd8   0x1e2  stm32f0xx_usart.o [1]
  .text              ro code  0x08006fba     0x2  startup_stm32f0xx.o [1]
  .text              ro code  0x08006fbc   0x2bc  stm320518_eval.o [1]
  .text              ro code  0x08007278    0x3c  stm32f0xx_iwdg.o [1]
  .text              ro code  0x080072b4   0x508  stm32f0xx_rcc.o [1]
  .text              ro code  0x080077bc    0x5c  stm32f0xx_syscfg.o [1]
  .text              ro code  0x08007818    0xc8  stm32f0xx_exti.o [1]
  .text              ro code  0x080078e0    0x32  FltToDbl.o [4]
  .text              ro code  0x08007912     0x2  startup_stm32f0xx.o [1]
  .text              ro code  0x08007914   0x260  stm32f0xx_tim.o [1]
  .text              ro code  0x08007b74    0x30  stm32f0xx_pwr.o [1]
  .text              ro code  0x08007ba4    0x70  stm32f0xx_rtc.o [1]
  CODE               ro code  0x08007c14    0x7c  portasm.o [1]
  .text              ro code  0x08007c90   0x11c  xttotm.o [3]
  .text              ro code  0x08007dac    0x6c  xDaysTo.o [3]
  .text              ro code  0x08007e18     0x4  xTzoff_nop.o [3]
  .text              ro code  0x08007e1c     0x6  xisdst_nop.o [3]
  .text              ro code  0x08007e22     0x2  startup_stm32f0xx.o [1]
  .text              ro code  0x08007e24  0x1648  led.o [1]
  .text              ro code  0x0800946c    0x6a  I64DivMod.o [5]
  .text              ro code  0x080094d6     0x2  startup_stm32f0xx.o [1]
  .text              ro code  0x080094d8     0x2  I64DivZer.o [5]
  .text              ro code  0x080094da     0x2  startup_stm32f0xx.o [1]
  .text              ro code  0x080094dc   0x680  gprs.o [1]
  .text              ro code  0x08009b5c    0x10  strlen.o [5]
  .text              ro code  0x08009b6c   0x1d8  iar_Stoullx.o [3]
  .text              ro code  0x08009d44   0x19c  iar_Stoulx.o [3]
  .text              ro code  0x08009ee0    0x8c  iar_Stolx.o [3]
  .text              ro code  0x08009f6c     0x8  abs.o [3]
  .text              ro code  0x08009f74    0x12  isspace.o [3]
  .text              ro code  0x08009f86     0x2  startup_stm32f0xx.o [1]
  .text              ro code  0x08009f88    0x32  I64Mul.o [5]
  .text              ro code  0x08009fba    0x12  tolower.o [3]
  .text              ro code  0x08009fcc    0x18  memchr.o [5]
  .text              ro code  0x08009fe4    0x34  xlocale_c.o [3]
  .text              ro code  0x0800a018   0x248  adc.o [1]
  .text              ro code  0x0800a260   0x190  stm32f0xx_adc.o [1]
  .text              ro code  0x0800a3f0   0x1f0  stm32f0xx_dma.o [1]
  .text              ro code  0x0800a5e0    0x20  IxxToFlt.o [4]
  .text              ro code  0x0800a600    0xaa  FltDiv.o [4]
  .text              ro code  0x0800a6aa     0x2  startup_stm32f0xx.o [1]
  .text              ro code  0x0800a6ac   0x1e8  stm32f0xx_it.o [1]
  .text              ro code  0x0800a894   0x160  system_stm32f0xx.o [1]
  .rodata            const    0x0800a9f4   0x128  protocol.o [1]
  .rodata            const    0x0800ab1c    0x58  protocol.o [1]
  .text              ro code  0x0800ab74    0x40  zero_init3.o [5]
  .text              ro code  0x0800abb4    0x3c  startup_stm32f0xx.o [1]
  .text              ro code  0x0800abf0    0x3c  packbits_init_single.o [5]
  .rodata            const    0x0800ac2c    0x30  gprs.o [1]
  .text              ro code  0x0800ac5c    0x28  data_init.o [5]
  .iar.init_table    const    0x0800ac84    0x20  - Linker created -
  .rodata            const    0x0800aca4    0x1c  gprs.o [1]
  .text              ro code  0x0800acc0    0x1a  cmain.o [5]
  .text              ro code  0x0800acda     0x4  low_level_init.o [3]
  .text              ro code  0x0800acde     0x8  exit.o [3]
  .text              ro code  0x0800ace6     0x2  startup_stm32f0xx.o [1]
  .text              ro code  0x0800ace8     0xa  cexit.o [5]
  .text              ro code  0x0800acf2     0x2  startup_stm32f0xx.o [1]
  .rodata            const    0x0800acf4    0x18  main.o [1]
  .rodata            const    0x0800ad0c    0x14  gprs.o [1]
  .rodata            const    0x0800ad20    0x14  gprs.o [1]
  .rodata            const    0x0800ad34    0x14  gprs.o [1]
  .rodata            const    0x0800ad48    0x14  led.o [1]
  .rodata            const    0x0800ad5c    0x14  main.o [1]
  .rodata            const    0x0800ad70    0x14  main.o [1]
  .rodata            const    0x0800ad84    0x14  protocol.o [1]
  .rodata            const    0x0800ad98    0x10  gprs.o [1]
  .rodata            const    0x0800ada8    0x10  gprs.o [1]
  .rodata            const    0x0800adb8    0x10  gprs.o [1]
  .rodata            const    0x0800adc8    0x10  gprs.o [1]
  .rodata            const    0x0800add8    0x10  led.o [1]
  .rodata            const    0x0800ade8    0x10  main.o [1]
  .rodata            const    0x0800adf8    0x10  main.o [1]
  .rodata            const    0x0800ae08     0xc  gprs.o [1]
  .rodata            const    0x0800ae14     0xc  gprs.o [1]
  .rodata            const    0x0800ae20     0xc  gprs.o [1]
  .rodata            const    0x0800ae2c     0xc  gprs.o [1]
  .rodata            const    0x0800ae38     0xc  gprs.o [1]
  .rodata            const    0x0800ae44     0xc  gprs.o [1]
  .rodata            const    0x0800ae50     0xc  gprs.o [1]
  .rodata            const    0x0800ae5c     0xc  main.o [1]
  .rodata            const    0x0800ae68     0xc  main.o [1]
  .rodata            const    0x0800ae74     0xc  main.o [1]
  .rodata            const    0x0800ae80     0xc  main.o [1]
  .rodata            const    0x0800ae8c     0xc  protocol.o [1]
  .rodata            const    0x0800ae98     0xc  protocol.o [1]
  .rodata            const    0x0800aea4     0xc  protocol.o [1]
  .rodata            const    0x0800aeb0     0xc  protocol.o [1]
  .rodata            const    0x0800aebc     0xc  protocol.o [1]
  .rodata            const    0x0800aec8     0xc  protocol.o [1]
  .rodata            const    0x0800aed4     0xc  stm320518_eval.o [1]
  .text              ro code  0x0800aee0     0xc  cstartup_M.o [5]
  .rodata            const    0x0800aeec     0x8  gprs.o [1]
  .rodata            const    0x0800aef4     0x8  gprs.o [1]
  .rodata            const    0x0800aefc     0x8  gprs.o [1]
  .rodata            const    0x0800af04     0x8  gprs.o [1]
  .rodata            const    0x0800af0c     0x8  gprs.o [1]
  .rodata            const    0x0800af14     0x8  main.o [1]
  .rodata            const    0x0800af1c     0x8  main.o [1]
  .rodata            const    0x0800af24     0x8  main.o [1]
  .rodata            const    0x0800af2c     0x8  stm320518_eval.o [1]
  .rodata            const    0x0800af34     0x8  stm320518_eval.o [1]
  .rodata            const    0x0800af3c     0x8  stm320518_eval.o [1]
  .rodata            const    0x0800af44     0x8  tasks.o [1]
  .rodata            const    0x0800af4c     0x8  timers.o [1]
  .rodata            const    0x0800af54     0x8  timers.o [1]
  .rodata            const    0x0800af5c     0x4  heap_4.o [1]
  .rodata            const    0x0800af60     0x4  stm320518_eval.o [1]
  .rodata            const    0x0800af64     0x4  stm320518_eval.o [1]
  .rodata            const    0x0800af68     0x4  stm320518_eval.o [1]
  .rodata            const    0x0800af6c     0x4  stm320518_eval.o [1]
  .rodata            const    0x0800af70     0x4  stm320518_eval.o [1]
  .rodata            const    0x0800af74     0x4  stm320518_eval.o [1]
  .rodata            const    0x0800af78     0x4  stm320518_eval.o [1]
  .rodata            const    0x0800af7c     0x2  xlocale_c.o [3]
  .text              ro code  0x0800af7e     0x2  startup_stm32f0xx.o [1]
  .text              ro code  0x0800af80     0x2  startup_stm32f0xx.o [1]
  .text              ro code  0x0800af82     0x2  startup_stm32f0xx.o [1]
  .text              ro code  0x0800af84     0x2  startup_stm32f0xx.o [1]
  .text              ro code  0x0800af86     0x2  startup_stm32f0xx.o [1]
  .text              ro code  0x0800af88     0x2  startup_stm32f0xx.o [1]
  .text              ro code  0x0800af8a     0x2  startup_stm32f0xx.o [1]
  .text              ro code  0x0800af8c     0x2  startup_stm32f0xx.o [1]
  .text              ro code  0x0800af8e     0x2  startup_stm32f0xx.o [1]
  .text              ro code  0x0800af90     0x2  startup_stm32f0xx.o [1]
  .text              ro code  0x0800af92     0x2  startup_stm32f0xx.o [1]
  .text              ro code  0x0800af94     0x2  startup_stm32f0xx.o [1]
  .rodata            const    0x0800af96     0x1  protocol.o [1]
  .rodata            const    0x0800af97     0x1  stm320518_eval.o [1]
  .rodata            const    0x0800af98     0x1  stm320518_eval.o [1]
  .rodata            const    0x0800af99     0x1  stm320518_eval.o [1]
  .rodata            const    0x0800af9a     0x1  stm320518_eval.o [1]
  .rodata            const    0x0800af9b     0x0  zero_init3.o [5]
  .rodata            const    0x0800af9b     0x0  packbits_init_single.o [5]
  Initializer bytes  const    0x0800af9b    0x7d  <for P2-1>
                            - 0x0800b018  0xaf58

"P2", part 1 of 3:                         0x244
  P2-1                        0x20000000   0x244  <Init block>
    .data            inited   0x20000000     0x4  main.o [1]
    .data            inited   0x20000004     0x4  port.o [1]
    .data            inited   0x20000008    0x74  protocol.o [1]
    .data            inited   0x2000007c    0xa0  protocol.o [1]
    .data            inited   0x2000011c    0xa0  protocol.o [1]
    .data            inited   0x200001bc     0x8  stm320518_eval.o [1]
    .data            inited   0x200001c4     0xc  stm320518_eval.o [1]
    .data            inited   0x200001d0     0x4  stm320518_eval.o [1]
    .data            inited   0x200001d4     0x4  stm320518_eval.o [1]
    .data            inited   0x200001d8     0x4  stm320518_eval.o [1]
    .data            inited   0x200001dc    0x10  stm32f0xx_rcc.o [1]
    .data            inited   0x200001ec     0x4  system_stm32f0xx.o [1]
    .data            inited   0x200001f0    0x48  xlocale_c.o [3]
    .data            inited   0x20000238     0x1  led.o [1]
    .data            inited   0x20000239     0x1  led.o [1]
    .data            inited   0x2000023a     0x1  led.o [1]
    .data            inited   0x2000023b     0x1  led.o [1]
    .data            inited   0x2000023c     0x1  led.o [1]
    .data            inited   0x2000023d     0x1  led.o [1]
    .data            inited   0x2000023e     0x1  led.o [1]
    .data            inited   0x2000023f     0x1  led.o [1]
    .data            inited   0x20000240     0x1  led.o [1]
    .data            inited   0x20000241     0x1  led.o [1]
    .data            inited   0x20000242     0x1  led.o [1]
    .data            inited   0x20000243     0x1  led.o [1]
                            - 0x20000244   0x244

"P2", part 2 of 3:                        0x5690
  .bss               zero     0x20000244  0x5000  heap_4.o [1]
  .bss               zero     0x20005244   0x280  tasks.o [1]
  .bss               zero     0x200054c4   0x1d8  dlmalloc.o [3]
  .bss               zero     0x2000569c    0x40  queue.o [1]
  .bss               zero     0x200056dc    0x2c  xttotm.o [3]
  .bss               zero     0x20005708    0x18  led.o [1]
  .bss               zero     0x20005720    0x18  dlmalloc.o [3]
  .bss               zero     0x20005738    0x14  tasks.o [1]
  .bss               zero     0x2000574c    0x14  tasks.o [1]
  .bss               zero     0x20005760    0x14  tasks.o [1]
  .bss               zero     0x20005774    0x14  tasks.o [1]
  .bss               zero     0x20005788    0x14  tasks.o [1]
  .bss               zero     0x2000579c    0x14  timers.o [1]
  .bss               zero     0x200057b0    0x14  timers.o [1]
  .bss               zero     0x200057c4     0xc  adc.o [1]
  .bss               zero     0x200057d0     0x8  heap_4.o [1]
  .bss               zero     0x200057d8     0x4  gprs.o [1]
  .bss               zero     0x200057dc     0x4  gprs.o [1]
  .bss               zero     0x200057e0     0x4  gprs.o [1]
  .bss               zero     0x200057e4     0x4  gprs.o [1]
  .bss               zero     0x200057e8     0x4  gprs.o [1]
  .bss               zero     0x200057ec     0x4  gprs.o [1]
  .bss               zero     0x200057f0     0x4  gprs.o [1]
  .bss               zero     0x200057f4     0x4  heap_4.o [1]
  .bss               zero     0x200057f8     0x4  heap_4.o [1]
  .bss               zero     0x200057fc     0x4  heap_4.o [1]
  .bss               zero     0x20005800     0x4  heap_4.o [1]
  .bss               zero     0x20005804     0x4  main.o [1]
  .bss               zero     0x20005808     0x4  main.o [1]
  .bss               zero     0x2000580c     0x4  main.o [1]
  .bss               zero     0x20005810     0x4  main.o [1]
  .bss               zero     0x20005814     0x4  main.o [1]
  .bss               zero     0x20005818     0x4  main.o [1]
  .bss               zero     0x2000581c     0x4  main.o [1]
  .bss               zero     0x20005820     0x4  main.o [1]
  .bss               zero     0x20005824     0x4  main.o [1]
  .bss               zero     0x20005828     0x4  main.o [1]
  .bss               zero     0x2000582c     0x4  main.o [1]
  .bss               zero     0x20005830     0x4  main.o [1]
  .bss               zero     0x20005834     0x4  main.o [1]
  .bss               zero     0x20005838     0x4  menu.o [1]
  .bss               zero     0x2000583c     0x4  menu.o [1]
  .bss               zero     0x20005840     0x4  protocol.o [1]
  .bss               zero     0x20005844     0x4  protocol.o [1]
  .bss               zero     0x20005848     0x4  serial.o [1]
  .bss               zero     0x2000584c     0x4  serial.o [1]
  .bss               zero     0x20005850     0x4  serial.o [1]
  .bss               zero     0x20005854     0x4  stm32f0xx_it.o [1]
  .bss               zero     0x20005858     0x4  tasks.o [1]
  .bss               zero     0x2000585c     0x4  tasks.o [1]
  .bss               zero     0x20005860     0x4  tasks.o [1]
  .bss               zero     0x20005864     0x4  tasks.o [1]
  .bss               zero     0x20005868     0x4  tasks.o [1]
  .bss               zero     0x2000586c     0x4  tasks.o [1]
  .bss               zero     0x20005870     0x4  tasks.o [1]
  .bss               zero     0x20005874     0x4  tasks.o [1]
  .bss               zero     0x20005878     0x4  tasks.o [1]
  .bss               zero     0x2000587c     0x4  tasks.o [1]
  .bss               zero     0x20005880     0x4  tasks.o [1]
  .bss               zero     0x20005884     0x4  tasks.o [1]
  .bss               zero     0x20005888     0x4  tasks.o [1]
  .bss               zero     0x2000588c     0x4  tasks.o [1]
  .bss               zero     0x20005890     0x4  tasks.o [1]
  .bss               zero     0x20005894     0x4  timers.o [1]
  .bss               zero     0x20005898     0x4  timers.o [1]
  .bss               zero     0x2000589c     0x4  timers.o [1]
  .bss               zero     0x200058a0     0x4  timers.o [1]
  .bss               zero     0x200058a4     0x4  timers.o [1]
  .bss               zero     0x200058a8     0x4  xgetmemchunk.o [3]
  .bss               zero     0x200058ac     0x2  stm32f0xx_it.o [1]
  .bss               zero     0x200058ae     0x2  stm32f0xx_it.o [1]
  .bss               zero     0x200058b0     0x2  stm32f0xx_it.o [1]
  .bss               zero     0x200058b2     0x2  stm32f0xx_it.o [1]
  .bss               zero     0x200058b4     0x2  stm32f0xx_it.o [1]
  .bss               zero     0x200058b6     0x2  stm32f0xx_it.o [1]
  .bss               zero     0x200058b8     0x1  adc.o [1]
  .bss               zero     0x200058b9     0x1  led.o [1]
  .bss               zero     0x200058ba     0x1  led.o [1]
  .bss               zero     0x200058bb     0x1  led.o [1]
  .bss               zero     0x200058bc     0x1  led.o [1]
  .bss               zero     0x200058bd     0x1  led.o [1]
  .bss               zero     0x200058be     0x1  led.o [1]
  .bss               zero     0x200058bf     0x1  led.o [1]
  .bss               zero     0x200058c0     0x1  led.o [1]
  .bss               zero     0x200058c1     0x1  led.o [1]
  .bss               zero     0x200058c2     0x1  led.o [1]
  .bss               zero     0x200058c3     0x1  led.o [1]
  .bss               zero     0x200058c4     0x1  led.o [1]
  .bss               zero     0x200058c5     0x1  led.o [1]
  .bss               zero     0x200058c6     0x1  main.o [1]
  .bss               zero     0x200058c7     0x1  main.o [1]
  .bss               zero     0x200058c8     0x1  main.o [1]
  .bss               zero     0x200058c9     0x1  main.o [1]
  .bss               zero     0x200058ca     0x1  main.o [1]
  .bss               zero     0x200058cb     0x1  main.o [1]
  .bss               zero     0x200058cc     0x1  main.o [1]
  .bss               zero     0x200058cd     0x1  main.o [1]
  .bss               zero     0x200058ce     0x1  main.o [1]
  .bss               zero     0x200058cf     0x1  main.o [1]
  .bss               zero     0x200058d0     0x1  protocol.o [1]
  .bss               zero     0x200058d1     0x1  protocol.o [1]
  .bss               zero     0x200058d2     0x1  stm32f0xx_gpio.o [1]
                            - 0x200058d3  0x568f

"P2", part 3 of 3:                        0x1000
  CSTACK                      0x200058d8  0x1000  <Block>
    CSTACK           uninit   0x200058d8  0x1000  <Block tail>
  HEAP                        0x200068d8     0x0  <Block>
                            - 0x200068d8  0x1000


*******************************************************************************
*** INIT TABLE
***

          Address     Size
          -------     ----
Zero (__iar_zero_init3)
    1 destination range, total size 0x568f:
          0x20000244  0x568f

Copy/packbits (__iar_packbits_init_single3)
    1 source range, total size 0x7d (21% of destination):
          0x0800af9b    0x7d
    1 destination range, total size 0x244:
          0x20000000   0x244



*******************************************************************************
*** MODULE SUMMARY
***

    Module                  ro code  ro data  rw data
    ------                  -------  -------  -------
E:\CORTEX_M0_STM32F030_IAR\Projects\STM32F0xx_APP\EWARM\bootloader\Obj: [1]
    adc.o                       584                13
    common.o                    312
    crc_soft.o                  244
    e2prom.o                    350
    flash_if.o                  140
    gprs.o                    1 664      324       28
    heap_4.o                    520        4   20 504
    i2c_soft.o                1 364
    led.o                     5 704       38       49
    list.o                      156
    main.o                    4 268      178       66
    menu.o                                          8
    port.o                      256        1        4
    portasm.o                   124
    protocol.o                5 712      571      446
    queue.o                   1 570                64
    rtc.o                       384
    serial.o                    528                12
    startup_stm32f0xx.o         302
    stm320518_eval.o            700       79       32
    stm32f0xx_adc.o             400
    stm32f0xx_dma.o             496
    stm32f0xx_exti.o            200
    stm32f0xx_flash.o           402
    stm32f0xx_gpio.o            378                 1
    stm32f0xx_it.o              488                16
    stm32f0xx_iwdg.o             60
    stm32f0xx_misc.o            120
    stm32f0xx_pwr.o              48
    stm32f0xx_rcc.o           1 288        4       16
    stm32f0xx_rtc.o             112
    stm32f0xx_syscfg.o           92
    stm32f0xx_tim.o             608
    stm32f0xx_usart.o           482
    system_stm32f0xx.o          352                 4
    tasks.o                   2 284        8      800
    timers.o                  1 052       16       60
    -------------------------------------------------
    Total:                   33 744    1 223   22 123

command line: [2]
    -------------------------------------------------
    Total:

dl6M_tlf.a: [3]
    abort.o                      10
    abs.o                         8
    dlmalloc.o                5 880               496
    exit.o                        8
    gmtime.o                     14
    heaptramp0.o                  8
    iar_Stolx.o                 140
    iar_Stoullx.o               472
    iar_Stoulx.o                412
    isspace.o                    18
    low_level_init.o              4
    mktime.o                    248
    strstr.o                     50
    time_trampoline.o             8
    tolower.o                    18
    xDaysTo.o                   108
    xTzoff_nop.o                  4
    xgetmemchunk.o               44                 4
    xisdst_nop.o                  6
    xlocale_c.o                  52       18       72
    xttotm.o                    284                44
    -------------------------------------------------
    Total:                    7 796       18      616

m6M_tl.a: [4]
    DblAddSub.o                 424
    DblDiv.o                    194
    DblMul.o                    388
    DblToI32.o                   82
    FltDiv.o                    170
    FltToDbl.o                   50
    IxxToDbl.o                   32
    IxxToFlt.o                   32
    -------------------------------------------------
    Total:                    1 372

rt6M_tl.a: [5]
    ABImemcpy.o                  92
    ABImemset.o                  84
    I32DivModFast.o             224
    I64DivMod.o                 106
    I64DivZer.o                   2
    I64Mul.o                     50
    IntDivZer.o                   2
    cexit.o                      10
    cmain.o                      26
    cstartup_M.o                 12
    data_init.o                  40
    memchr.o                     24
    memcmp.o                     40
    packbits_init_single.o       60
    strchr.o                     22
    strlen.o                     16
    zero_init3.o                 64
    -------------------------------------------------
    Total:                      874

shb_l.a: [6]
    exit.o                       20
    -------------------------------------------------
    Total:                       20

    Linker created                        33    4 096
-----------------------------------------------------
    Grand Total:             43 806    1 274   26 835


*******************************************************************************
*** ENTRY LIST
***

Entry                      Address    Size  Type      Object
-----                      -------    ----  ----      ------
.iar.init_table$$Base   0x0800ac84           --   Gb  - Linker created -
.iar.init_table$$Limit  0x0800aca4           --   Gb  - Linker created -
?main                   0x0800acc1          Code  Gb  cmain.o [5]
ADC_ChannelConfig       0x0800a32f    0x16  Code  Gb  stm32f0xx_adc.o [1]
ADC_Cmd                 0x0800a2c7    0x1c  Code  Gb  stm32f0xx_adc.o [1]
ADC_Config              0x0800a019    0xd2  Code  Lc  adc.o [1]
ADC_DMACmd              0x0800a389    0x1c  Code  Gb  stm32f0xx_adc.o [1]
ADC_DMARequestModeConfig
                        0x0800a3a5    0x10  Code  Gb  stm32f0xx_adc.o [1]
ADC_DeInit              0x0800a261    0x20  Code  Gb  stm32f0xx_adc.o [1]
ADC_GetCalibrationFactor
                        0x0800a345    0x3a  Code  Gb  stm32f0xx_adc.o [1]
ADC_GetFlagStatus       0x0800a3b5    0x24  Code  Gb  stm32f0xx_adc.o [1]
ADC_Init                0x0800a281    0x2c  Code  Gb  stm32f0xx_adc.o [1]
ADC_StartOfConversion   0x0800a37f     0xa  Code  Gb  stm32f0xx_adc.o [1]
ADC_StructInit          0x0800a2ad    0x1a  Code  Gb  stm32f0xx_adc.o [1]
ADC_TempSensorCmd       0x0800a2e3    0x26  Code  Gb  stm32f0xx_adc.o [1]
ADC_VrefintCmd          0x0800a309    0x26  Code  Gb  stm32f0xx_adc.o [1]
APBAHBPrescTable        0x200001dc    0x10  Data  Lc  stm32f0xx_rcc.o [1]
AppTaskEdpNetCheck      0x08009a05    0x8c  Code  Lc  gprs.o [1]
AppTaskEdpNetPing       0x08009989    0x5e  Code  Lc  gprs.o [1]
BCD2HEX                 0x080040e7    0x18  Code  Gb  rtc.o [1]
BEEP_Config             0x080058d9    0x38  Code  Gb  main.o [1]
BUTTON_CLK              0x0800aed4     0xc  Data  Gb  stm320518_eval.o [1]
BUTTON_EXTI_LINE        0x0800af3c     0x8  Data  Gb  stm320518_eval.o [1]
BUTTON_IRQn             0x0800af6c     0x4  Data  Gb  stm320518_eval.o [1]
BUTTON_PIN              0x0800af34     0x8  Data  Gb  stm320518_eval.o [1]
BUTTON_PIN_SOURCE       0x0800af68     0x4  Data  Gb  stm320518_eval.o [1]
BUTTON_PORT             0x200001c4     0xc  Data  Gb  stm320518_eval.o [1]
BUTTON_PORT_SOURCE      0x0800af64     0x4  Data  Gb  stm320518_eval.o [1]
COM_RX_AF               0x0800af9a     0x1  Data  Gb  stm320518_eval.o [1]
COM_RX_PIN              0x08003ea6     0x2  Data  Gb  stm320518_eval.o [1]
COM_RX_PIN_SOURCE       0x0800af98     0x1  Data  Gb  stm320518_eval.o [1]
COM_RX_PORT             0x200001d8     0x4  Data  Gb  stm320518_eval.o [1]
COM_RX_PORT_CLK         0x0800af78     0x4  Data  Gb  stm320518_eval.o [1]
COM_TX_AF               0x0800af99     0x1  Data  Gb  stm320518_eval.o [1]
COM_TX_PIN              0x08003e52     0x2  Data  Gb  stm320518_eval.o [1]
COM_TX_PIN_SOURCE       0x0800af97     0x1  Data  Gb  stm320518_eval.o [1]
COM_TX_PORT             0x200001d4     0x4  Data  Gb  stm320518_eval.o [1]
COM_TX_PORT_CLK         0x0800af74     0x4  Data  Gb  stm320518_eval.o [1]
COM_USART               0x200001d0     0x4  Data  Gb  stm320518_eval.o [1]
COM_USART_CLK           0x0800af70     0x4  Data  Gb  stm320518_eval.o [1]
CRC16_MODBUS            0x080048b9    0x7a  Code  Gb  crc_soft.o [1]
CSTACK$$Base            0x200058d8           --   Gb  - Linker created -
CSTACK$$Limit           0x200068d8           --   Gb  - Linker created -
CaptureNumber           0x200058ac     0x2  Data  Gb  stm32f0xx_it.o [1]
DMA_ClearFlag           0x0800a587    0x12  Code  Gb  stm32f0xx_dma.o [1]
DMA_Cmd                 0x0800a547    0x1c  Code  Gb  stm32f0xx_dma.o [1]
DMA_Config              0x0800a0eb    0x58  Code  Lc  adc.o [1]
DMA_DeInit              0x0800a3f1   0x11a  Code  Gb  stm32f0xx_dma.o [1]
DMA_GetFlagStatus       0x0800a563    0x24  Code  Gb  stm32f0xx_dma.o [1]
DMA_Init                0x0800a50b    0x3c  Code  Gb  stm32f0xx_dma.o [1]
EDP_SendFilter          0x08002af9   0x1b2  Code  Gb  protocol.o [1]
EDP_SendPacketPing      0x0800269d   0x256  Code  Gb  protocol.o [1]
EDP_SendPacketStatus    0x080029ed    0xfe  Code  Gb  protocol.o [1]
EDP_SendPacketWaterSync
                        0x08002909    0xc4  Code  Gb  protocol.o [1]
EN1_Config              0x0800586d    0x36  Code  Gb  main.o [1]
EN2_Config              0x080058a3    0x36  Code  Gb  main.o [1]
EXTI4_15_Config         0x080055f9    0x70  Code  Lc  main.o [1]
EXTI4_15_IRQHandler     0x0800a7d7    0x80  Code  Gb  stm32f0xx_it.o [1]
EXTI_ClearITPendingBit  0x080078c5     0x6  Code  Gb  stm32f0xx_exti.o [1]
EXTI_GetITStatus        0x080078ab    0x1a  Code  Gb  stm32f0xx_exti.o [1]
EXTI_Init               0x08007819    0x92  Code  Gb  stm32f0xx_exti.o [1]
FLASH_ClearFlag         0x08006ce1     0x6  Code  Gb  stm32f0xx_flash.o [1]
FLASH_ErasePage         0x08006c07    0x4e  Code  Gb  stm32f0xx_flash.o [1]
FLASH_GetStatus         0x08006ce9    0x2e  Code  Gb  stm32f0xx_flash.o [1]
FLASH_If_Erase          0x080042cb    0x26  Code  Gb  flash_if.o [1]
FLASH_If_Init           0x080042bd     0xe  Code  Gb  flash_if.o [1]
FLASH_If_Write          0x080042f1    0x4e  Code  Gb  flash_if.o [1]
FLASH_PrefetchBufferCmd
                        0x08006bcb    0x24  Code  Gb  stm32f0xx_flash.o [1]
FLASH_ProgramWord       0x08006c55    0x74  Code  Gb  stm32f0xx_flash.o [1]
FLASH_SetLatency        0x08006bb9    0x12  Code  Gb  stm32f0xx_flash.o [1]
FLASH_Unlock            0x08006bef    0x18  Code  Gb  stm32f0xx_flash.o [1]
FLASH_WaitForLastOperation
                        0x08006d1d    0x2e  Code  Gb  stm32f0xx_flash.o [1]
GPIO_CLK                0x0800af2c     0x8  Data  Gb  stm320518_eval.o [1]
GPIO_Init               0x0800493d    0xca  Code  Gb  stm32f0xx_gpio.o [1]
GPIO_PIN                0x0800af60     0x4  Data  Gb  stm320518_eval.o [1]
GPIO_PORT               0x200001bc     0x8  Data  Gb  stm320518_eval.o [1]
GPIO_PinAFConfig        0x08004a45    0x72  Code  Gb  stm32f0xx_gpio.o [1]
GPIO_ReadInputDataBit   0x08004a07    0x1e  Code  Gb  stm32f0xx_gpio.o [1]
GPIO_ResetBits          0x08004a2f     0x4  Code  Gb  stm32f0xx_gpio.o [1]
GPIO_SetBits            0x08004a29     0x6  Code  Gb  stm32f0xx_gpio.o [1]
GPIO_WriteBit           0x08004a33    0x12  Code  Gb  stm32f0xx_gpio.o [1]
GPRS_PWRKEY_Init        0x080094f1    0x36  Code  Gb  gprs.o [1]
GPRS_PWRKEY_On          0x08009527    0x20  Code  Gb  gprs.o [1]
HEAP$$Base              0x200068d8           --   Gb  - Linker created -
HEAP$$Limit             0x200068d8           --   Gb  - Linker created -
HEX2BCD                 0x080040ff    0x20  Code  Gb  rtc.o [1]
HardFault_Handler       0x0800a6af     0x4  Code  Gb  stm32f0xx_it.o [1]
I2C_Ack                 0x08006679    0x6e  Code  Gb  i2c_soft.o [1]
I2C_Config              0x0800652d    0x38  Code  Gb  i2c_soft.o [1]
I2C_Delay               0x08006565    0x12  Code  Lc  i2c_soft.o [1]
I2C_EE_BufferRead       0x08003f81    0x1a  Code  Gb  e2prom.o [1]
I2C_EE_BufferWrite      0x08003eb3    0xce  Code  Gb  e2prom.o [1]
I2C_EE_BufferWriteSafe  0x08003f9b    0x6c  Code  Gb  e2prom.o [1]
I2C_EE_WaitEepromStandbyState
                        0x08003ea9     0xa  Code  Gb  e2prom.o [1]
I2C_NAck                0x080066e7    0x6e  Code  Gb  i2c_soft.o [1]
I2C_ReadByte            0x08006863    0x86  Code  Gb  i2c_soft.o [1]
I2C_ReadBytesAfterCommand
                        0x08006955    0x4e  Code  Gb  i2c_soft.o [1]
I2C_ReadRegisterBytes   0x08006a03    0x7e  Code  Gb  i2c_soft.o [1]
I2C_Start               0x08006577    0x94  Code  Gb  i2c_soft.o [1]
I2C_Stop                0x0800660b    0x6e  Code  Gb  i2c_soft.o [1]
I2C_WaitAck             0x08006755    0x80  Code  Gb  i2c_soft.o [1]
I2C_WriteByte           0x080067d5    0x8e  Code  Gb  i2c_soft.o [1]
I2C_WriteBytesAfterCommand
                        0x08006925    0x30  Code  Gb  i2c_soft.o [1]
I2C_WriteCommand8       0x080068e9    0x3c  Code  Gb  i2c_soft.o [1]
I2C_WriteRegisterBytes  0x080069a3    0x60  Code  Gb  i2c_soft.o [1]
IWDG_Config             0x08005745    0x48  Code  Lc  main.o [1]
IWDG_Enable             0x08007299     0x8  Code  Gb  stm32f0xx_iwdg.o [1]
IWDG_ReloadCounter      0x08007291     0x8  Code  Gb  stm32f0xx_iwdg.o [1]
IWDG_SetPrescaler       0x08007281     0x8  Code  Gb  stm32f0xx_iwdg.o [1]
IWDG_SetReload          0x08007289     0x8  Code  Gb  stm32f0xx_iwdg.o [1]
IWDG_WriteAccessCmd     0x08007279     0x8  Code  Gb  stm32f0xx_iwdg.o [1]
InvertUint16            0x08004881    0x38  Code  Gb  crc_soft.o [1]
InvertUint8             0x08004849    0x38  Code  Gb  crc_soft.o [1]
JumpAddress             0x2000583c     0x4  Data  Gb  menu.o [1]
Jump_To_Application     0x20005838     0x4  Data  Gb  menu.o [1]
KeyClick                0x200058c6     0x1  Data  Gb  main.o [1]
LED_Init                0x08007ea5   0x194  Code  Lc  led.o [1]
LED_PosInit             0x08007e65    0x40  Code  Lc  led.o [1]
LED_SegInit             0x08007e25    0x40  Code  Lc  led.o [1]
LsiFreq                 0x20000000     0x4  Data  Gb  main.o [1]
Main_task               0x08004be3   0x15c  Code  Lc  main.o [1]
NET_GPRS_Config         0x080096b5   0x234  Code  Gb  gprs.o [1]
NMI_Handler             0x0800a6ad     0x2  Code  Gb  stm32f0xx_it.o [1]
NVIC_Init               0x08006d61    0x6a  Code  Gb  stm32f0xx_misc.o [1]
NVIC_SystemReset        0x080094dd    0x14  Code  Lc  gprs.o [1]
NVIC_SystemReset        0x08001869    0x14  Code  Lc  protocol.o [1]
PCF8563_BufferRead      0x0800413d    0x20  Code  Gb  rtc.o [1]
PCF8563_BufferWrite     0x0800411f    0x1e  Code  Gb  rtc.o [1]
PCF8563_ReadTime        0x080041e7    0x80  Code  Gb  rtc.o [1]
PCF8563_SetTime         0x0800415d    0x8a  Code  Gb  rtc.o [1]
PWR_BackupAccessCmd     0x08007b75    0x26  Code  Gb  stm32f0xx_pwr.o [1]
PendSV_Handler          0x08007c1b          Code  Gb  portasm.o [1]
ProtocolProcess         0x08002d63   0x138  Code  Gb  protocol.o [1]
RCC_AHBPeriphClockCmd   0x08007699    0x20  Code  Gb  stm32f0xx_rcc.o [1]
RCC_APB1PeriphClockCmd  0x080076d9    0x20  Code  Gb  stm32f0xx_rcc.o [1]
RCC_APB2PeriphClockCmd  0x080076b9    0x20  Code  Gb  stm32f0xx_rcc.o [1]
RCC_APB2PeriphResetCmd  0x08007701    0x20  Code  Gb  stm32f0xx_rcc.o [1]
RCC_BackupResetCmd      0x08007671    0x26  Code  Gb  stm32f0xx_rcc.o [1]
RCC_ClearFlag           0x08007785    0x10  Code  Gb  stm32f0xx_rcc.o [1]
RCC_Configuration       0x080056a1    0x5c  Code  Lc  main.o [1]
RCC_DeInit              0x080072b5    0x68  Code  Gb  stm32f0xx_rcc.o [1]
RCC_GetClocksFreq       0x08007421   0x218  Code  Gb  stm32f0xx_rcc.o [1]
RCC_GetFlagStatus       0x08007739    0x4c  Code  Gb  stm32f0xx_rcc.o [1]
RCC_HCLKConfig          0x080073b9    0x12  Code  Gb  stm32f0xx_rcc.o [1]
RCC_HSICmd              0x0800731d    0x24  Code  Gb  stm32f0xx_rcc.o [1]
RCC_LSICmd              0x08007341    0x24  Code  Gb  stm32f0xx_rcc.o [1]
RCC_PCLKConfig          0x080073d5    0x12  Code  Gb  stm32f0xx_rcc.o [1]
RCC_PLLCmd              0x08007381    0x26  Code  Gb  stm32f0xx_rcc.o [1]
RCC_PLLConfig           0x08007365    0x1c  Code  Gb  stm32f0xx_rcc.o [1]
RCC_RTCCLKCmd           0x08007645    0x26  Code  Gb  stm32f0xx_rcc.o [1]
RCC_RTCCLKConfig        0x08007639     0xc  Code  Gb  stm32f0xx_rcc.o [1]
RCC_SYSCLKConfig        0x080073a7    0x12  Code  Gb  stm32f0xx_rcc.o [1]
RTC_WaitForSynchro      0x08007ba5    0x64  Code  Gb  stm32f0xx_rtc.o [1]
Region$$Table$$Base     0x0800ac84           --   Gb  - Linker created -
Region$$Table$$Limit    0x0800aca4           --   Gb  - Linker created -
RegularConvData_Tab     0x200057c4     0xc  Data  Gb  adc.o [1]
STM_EVAL_COMInit        0x08007141    0xde  Code  Gb  stm320518_eval.o [1]
STM_EVAL_LEDInit        0x08006fbd    0x60  Code  Gb  stm320518_eval.o [1]
STM_EVAL_LEDOff         0x08007035    0x18  Code  Gb  stm320518_eval.o [1]
STM_EVAL_LEDOn          0x0800701d    0x18  Code  Gb  stm320518_eval.o [1]
STM_EVAL_LEDToggle      0x0800704d    0x26  Code  Gb  stm320518_eval.o [1]
STM_EVAL_PBGetState     0x08007123    0x1e  Code  Gb  stm320518_eval.o [1]
STM_EVAL_PBInit         0x08007073    0xb0  Code  Gb  stm320518_eval.o [1]
SVC_Handler             0x08007c59          Code  Gb  portasm.o [1]
SYSCFG_EXTILineConfig   0x080077bd    0x56  Code  Gb  stm32f0xx_syscfg.o [1]
SendPacketStatusSuccess
                        0x200058d1     0x1  Data  Gb  protocol.o [1]
SerialPutChar           0x0800448b    0x14  Code  Gb  common.o [1]
Serial_PutString        0x0800449f    0x16  Code  Gb  common.o [1]
SetSysClock             0x0800a903    0xbe  Code  Lc  system_stm32f0xx.o [1]
Str2Int                 0x0800437d   0x10e  Code  Gb  common.o [1]
SysTick_Handler         0x080064c5    0x20  Code  Gb  port.o [1]
SystemCoreClock         0x200001ec     0x4  Data  Gb  system_stm32f0xx.o [1]
SystemInit              0x0800a895    0x6e  Code  Gb  system_stm32f0xx.o [1]
TI1_Config              0x08007a45    0x36  Code  Lc  stm32f0xx_tim.o [1]
TI2_Config              0x08007a7b    0x40  Code  Lc  stm32f0xx_tim.o [1]
TI3_Config              0x08007ac5    0x44  Code  Lc  stm32f0xx_tim.o [1]
TI4_Config              0x08007b09    0x42  Code  Lc  stm32f0xx_tim.o [1]
TIM14_ConfigForLSI      0x08005795    0xb8  Code  Lc  main.o [1]
TIM14_IRQHandler        0x0800a6b3    0x8e  Code  Gb  stm32f0xx_it.o [1]
TIM14_IRQHandler::IC1ReadValue1
                        0x200058ae     0x2  Data  Lc  stm32f0xx_it.o [1]
TIM14_IRQHandler::IC1ReadValue2
                        0x200058b0     0x2  Data  Lc  stm32f0xx_it.o [1]
TIM3Freq                0x20005854     0x4  Data  Gb  stm32f0xx_it.o [1]
TIM3_IRQHandler         0x0800a741    0x96  Code  Gb  stm32f0xx_it.o [1]
TIM3_IRQHandler::CaptureNumber
                        0x200058b6     0x2  Data  Lc  stm32f0xx_it.o [1]
TIM3_IRQHandler::IC1ReadValue1
                        0x200058b2     0x2  Data  Lc  stm32f0xx_it.o [1]
TIM3_IRQHandler::IC1ReadValue2
                        0x200058b4     0x2  Data  Lc  stm32f0xx_it.o [1]
TIM_ClearITPendingBit   0x08007a37     0x8  Code  Gb  stm32f0xx_tim.o [1]
TIM_Cmd                 0x0800791b    0x1c  Code  Gb  stm32f0xx_tim.o [1]
TIM_GetCapture1         0x080079ad     0x4  Code  Gb  stm32f0xx_tim.o [1]
TIM_GetITStatus         0x08007a0f    0x28  Code  Gb  stm32f0xx_tim.o [1]
TIM_ICInit              0x0800793d    0x70  Code  Gb  stm32f0xx_tim.o [1]
TIM_ITConfig            0x080079f7    0x18  Code  Gb  stm32f0xx_tim.o [1]
TIM_PrescalerConfig     0x08007915     0x6  Code  Gb  stm32f0xx_tim.o [1]
TIM_RemapConfig         0x08007a3f     0x6  Code  Gb  stm32f0xx_tim.o [1]
TIM_SetIC1Prescaler     0x080079b1    0x10  Code  Gb  stm32f0xx_tim.o [1]
TIM_SetIC2Prescaler     0x080079c1    0x12  Code  Gb  stm32f0xx_tim.o [1]
TIM_SetIC3Prescaler     0x080079d3    0x10  Code  Gb  stm32f0xx_tim.o [1]
TIM_SetIC4Prescaler     0x080079e3    0x12  Code  Gb  stm32f0xx_tim.o [1]
USART1_IRQHandler       0x0800479b    0x8a  Code  Gb  serial.o [1]
USART1_IRQHandler::xHigherPriorityTaskWoken
                        0x20005850     0x4  Data  Lc  serial.o [1]
USART_ClearFlag         0x08006f51     0x4  Code  Gb  stm32f0xx_usart.o [1]
USART_ClearITPendingBit
                        0x08006fa9    0x12  Code  Gb  stm32f0xx_usart.o [1]
USART_Cmd               0x08006ea7    0x1c  Code  Gb  stm32f0xx_usart.o [1]
USART_GetITStatus       0x08006f55    0x54  Code  Gb  stm32f0xx_usart.o [1]
USART_ITConfig          0x08006ef1    0x4a  Code  Gb  stm32f0xx_usart.o [1]
USART_Init              0x08006dd9    0xce  Code  Gb  stm32f0xx_usart.o [1]
USART_OverrunDetectionConfig
                        0x08006f3b    0x10  Code  Gb  stm32f0xx_usart.o [1]
USART_ReceiveData       0x08006ed9     0x8  Code  Gb  stm32f0xx_usart.o [1]
USART_SendData          0x08006ed1     0x8  Code  Gb  stm32f0xx_usart.o [1]
Uart_SendATCmd          0x08009547    0x7c  Code  Gb  gprs.o [1]
Uart_SendATCmdOut       0x080095c3    0x86  Code  Gb  gprs.o [1]
WorkMode                0x08004ac1    0x74  Code  Gb  main.o [1]
_LocaleC_isspace        0x08009ff1    0x14  Code  Gb  xlocale_c.o [3]
_LocaleC_isupper        0x08009fe5     0x2  Code  Gb  xlocale_c.o [3]
_LocaleC_tolower        0x0800a005     0xc  Code  Gb  xlocale_c.o [3]
_Ttotm_ts               0x200056dc    0x2c  Data  Lc  xttotm.o [3]
_Tzoff                  0x08007e19     0x4  Code  Gb  xTzoff_nop.o [3]
__aeabi_d2iz            0x08003e55          Code  Gb  DblToI32.o [4]
__aeabi_d2uiz           0x08003e79          Code  Gb  DblToI32.o [4]
__aeabi_dadd            0x08003cab          Code  Gb  DblAddSub.o [4]
__aeabi_ddiv            0x08003be9          Code  Gb  DblDiv.o [4]
__aeabi_dmul            0x080044b5          Code  Gb  DblMul.o [4]
__aeabi_f2d             0x080078e1          Code  Gb  FltToDbl.o [4]
__aeabi_fdiv            0x0800a601          Code  Gb  FltDiv.o [4]
__aeabi_idiv            0x08004033          Code  Gb  I32DivModFast.o [5]
__aeabi_idiv0           0x08006ab1          Code  Gb  IntDivZer.o [5]
__aeabi_idivmod         0x08004033          Code  Gb  I32DivModFast.o [5]
__aeabi_ldiv0           0x080094d9          Code  Gb  I64DivZer.o [5]
__aeabi_lmul            0x08009f89          Code  Gb  I64Mul.o [5]
__aeabi_memclr4         0x080042b9          Code  Gb  ABImemset.o [5]
__aeabi_memclr8         0x080042b9          Code  Gb  ABImemset.o [5]
__aeabi_memcpy          0x080017cd          Code  Gb  ABImemcpy.o [5]
__aeabi_memcpy4         0x080017f5          Code  Wk  ABImemcpy.o [5]
__aeabi_memset          0x08004269          Code  Gb  ABImemset.o [5]
__aeabi_ui2d            0x08003bc9          Code  Gb  IxxToDbl.o [4]
__aeabi_ui2f            0x0800a5e1          Code  Gb  IxxToFlt.o [4]
__aeabi_uidiv           0x08004039          Code  Gb  I32DivModFast.o [5]
__aeabi_uidivmod        0x08004039          Code  Gb  I32DivModFast.o [5]
__aeabi_uldivmod        0x0800946d          Code  Gb  I64DivMod.o [5]
__cmain                 0x0800acc1          Code  Gb  cmain.o [5]
__data_GetMemChunk      0x08001829    0x2c  Code  Gb  xgetmemchunk.o [3]
__data_GetMemChunk::start
                        0x200058a8     0x4  Data  Lc  xgetmemchunk.o [3]
__exit                  0x08001855    0x14  Code  Gb  exit.o [6]
__gmtime32              0x08006ab3     0xe  Code  Gb  gmtime.o [3]
__iar_Daysto32          0x08007dad    0x3a  Code  Gb  xDaysTo.o [3]
__iar_Isdst32           0x08007e1d     0x6  Code  Gb  xisdst_nop.o [3]
__iar_Memset4_word      0x08004289          Code  Gb  ABImemset.o [5]
__iar_Memset_word       0x08004275          Code  Gb  ABImemset.o [5]
__iar_Stolx             0x08009ee1    0x82  Code  Gb  iar_Stolx.o [3]
__iar_Stoullx           0x08009b6d   0x16e  Code  Gb  iar_Stoullx.o [3]
__iar_Stoulx            0x08009d45   0x13c  Code  Gb  iar_Stoulx.o [3]
__iar_Strchr            0x08006d4b     0x2  Code  Gb  strchr.o [5]
__iar_Ttotm32           0x08007c91    0xde  Code  Gb  xttotm.o [3]
__iar_d2uiz             0x08003e7d          Code  Gb  DblToI32.o [4]
__iar_data_init3        0x0800ac5d    0x28  Code  Gb  data_init.o [5]
__iar_dlfree            0x0800120d   0x5a4  Code  Gb  dlmalloc.o [3]
__iar_dlmalloc          0x08000f13   0x2f6  Code  Gb  dlmalloc.o [3]
__iar_globLocale        0x200001f0    0x48  Data  Lc  xlocale_c.o [3]
__iar_global_Locale     0x0800a011     0x4  Code  Gb  xlocale_c.o [3]
__iar_packbits_init_single3
                        0x0800abf1    0x3c  Code  Gb  packbits_init_single.o [5]
__iar_program_start     0x0800aee1          Code  Gb  cstartup_M.o [5]
__iar_systems$$module {Abs}
                        0x00000001          Data  Gb  command line/config [2]
__iar_zero_init3        0x0800ab75    0x40  Code  Gb  zero_init3.o [5]
__low_level_init        0x0800acdb     0x4  Code  Gb  low_level_init.o [3]
__mktime32              0x08006ac1    0xf8  Code  Gb  mktime.o [3]
__time32                0x08004ab9     0x8  Code  Gb  main.o [1]
__vector_table          0x08000000          Data  Gb  startup_stm32f0xx.o [1]
_call_main              0x0800accd          Code  Gb  cmain.o [5]
_exit                   0x0800ace9          Code  Gb  cexit.o [5]
_gm_                    0x200054c4   0x1d8  Data  Lc  dlmalloc.o [3]
_main                   0x0800acd7          Code  Gb  cmain.o [5]
abort                   0x080017b9     0xa  Code  Gb  abort.o [3]
abs                     0x08009f6d     0x8  Code  Gb  abs.o [3]
add_segment             0x080004d5   0x208  Code  Lc  dlmalloc.o [3]
atoi                    0x08009e81     0x4  Code  Gb  iar_Stoulx.o [3]
atoll                   0x08009ce5     0xe  Code  Gb  iar_Stoullx.o [3]
bitstatus__             0x200058d2     0x1  Data  Gb  stm32f0xx_gpio.o [1]
clk_count               0x2000580c     0x4  Data  Gb  main.o [1]
cmd_binding_package_process
                        0x0800188d    0x9e  Code  Gb  protocol.o [1]
cmd_close_the_screen_process
                        0x0800192b    0x28  Code  Gb  protocol.o [1]
cmd_computer_board_time_synchronization_1
                        0x080020d7    0x2a  Code  Gb  protocol.o [1]
cmd_computer_board_time_synchronization_2
                        0x08002101    0x2a  Code  Gb  protocol.o [1]
cmd_control_parameter_modification_1_process
                        0x08001f9d    0x86  Code  Gb  protocol.o [1]
cmd_control_parameter_modification_2_process
                        0x0800202d    0x48  Code  Gb  protocol.o [1]
cmd_filter_require_process
                        0x08001bab    0x12  Code  Gb  protocol.o [1]
cmd_filter_reset_and_modification_process
                        0x08001cbf   0x15a  Code  Gb  protocol.o [1]
cmd_filter_send_process
                        0x08001ba1     0xa  Code  Gb  protocol.o [1]
cmd_heartbeat_process   0x0800187d    0x10  Code  Gb  protocol.o [1]
cmd_maintenance_parameter_modification_process
                        0x08001f5d    0x34  Code  Gb  protocol.o [1]
cmd_mode_switching_process
                        0x08001e1d    0x38  Code  Gb  protocol.o [1]
cmd_open_the_screen_process
                        0x08001953    0x28  Code  Gb  protocol.o [1]
cmd_overhaul_status_switch
                        0x080025f9    0x88  Code  Gb  protocol.o [1]
cmd_parameter_modification_process
                        0x08001eb5    0x6e  Code  Gb  protocol.o [1]
cmd_positive_value_process
                        0x08001aa9    0xde  Code  Gb  protocol.o [1]
cmd_power_off_process   0x0800197b    0x56  Code  Gb  protocol.o [1]
cmd_power_on_process    0x080019d1    0x52  Code  Gb  protocol.o [1]
cmd_process             0x0800a9f4   0x128  Data  Gb  protocol.o [1]
cmd_process_cnt         0x0800af96     0x1  Data  Gb  protocol.o [1]
cmd_query_device_operation_information_process
                        0x08001cad    0x12  Code  Gb  protocol.o [1]
cmd_remote_upgrade_data0
                        0x0800228d   0x106  Code  Gb  protocol.o [1]
cmd_remote_upgrade_data1
                        0x0800239d    0x62  Code  Gb  protocol.o [1]
cmd_remote_upgrade_data2
                        0x08002415    0x66  Code  Gb  protocol.o [1]
cmd_remote_upgrade_new  0x08002495    0x4c  Code  Gb  protocol.o [1]
cmd_remote_upgrade_reboot
                        0x08002481    0x14  Code  Gb  protocol.o [1]
cmd_remote_upgrade_switch
                        0x080024e5    0xa8  Code  Gb  protocol.o [1]
cmd_remote_upgrade_version
                        0x0800220d    0x62  Code  Gb  protocol.o [1]
cmd_reset_process       0x08001e55    0x60  Code  Gb  protocol.o [1]
cmd_screen_mode_switch  0x08002599    0x52  Code  Gb  protocol.o [1]
cmd_strong_push_process
                        0x08001a23    0x72  Code  Gb  protocol.o [1]
cmd_synchronization_of_water_consumption_remain
                        0x080021a9    0x5c  Code  Gb  protocol.o [1]
cmd_synchronization_of_water_consumption_used
                        0x08002139    0x5c  Code  Gb  protocol.o [1]
cmd_synchronize_with_water_process
                        0x08001bbd     0xa  Code  Gb  protocol.o [1]
cmd_test_mode_switch_process
                        0x08002081    0x56  Code  Gb  protocol.o [1]
cmd_time_synchronization_remain_process
                        0x08001c29    0x52  Code  Gb  protocol.o [1]
cmd_time_synchronization_used_process
                        0x08001bc7    0x54  Code  Gb  protocol.o [1]
cmd_timing_flush_parameter_modification_process
                        0x08001f23    0x34  Code  Gb  protocol.o [1]
cmd_work_status_synchronization_process
                        0x08001c7b    0x10  Code  Gb  protocol.o [1]
count__                 0x200057f0     0x4  Data  Gb  gprs.o [1]
digits                  0x08009e90    0x28  Data  Lc  iar_Stoulx.o [3]
digits                  0x08009cf4    0x28  Data  Lc  iar_Stoullx.o [3]
edp                     0x200057e4     0x4  Data  Gb  gprs.o [1]
exit                    0x0800acdf     0x8  Code  Gb  exit.o [3]
flashdestination        0x20005844     0x4  Data  Gb  protocol.o [1]
free                    0x08006aa9     0x8  Code  Gb  heaptramp0.o [3]
g_data_format           0x20000008    0x74  Data  Gb  protocol.o [1]
g_value                 0x20005708    0x18  Data  Lc  led.o [1]
get_imei_form_str       0x08009649    0x5c  Code  Gb  gprs.o [1]
gmtime                  0x08006ab3     0xe  Code  Gb  gmtime.o [3]
init_mparams            0x080000e1    0x2a  Code  Lc  dlmalloc.o [3]
init_top                0x0800010b    0x38  Code  Lc  dlmalloc.o [3]
is_beep_on              0x200058c8     0x1  Data  Gb  main.o [1]
is_iap_status           0x200058d0     0x1  Data  Gb  protocol.o [1]
is_send_device_status   0x200058ca     0x1  Data  Gb  main.o [1]
isspace                 0x08009f75    0x12  Code  Gb  isspace.o [3]
key_fall_flag           0x200058c7     0x1  Data  Gb  main.o [1]
led_clean_ppm           0x20000243     0x1  Data  Lc  led.o [1]
led_clean_water         0x20000242     0x1  Data  Lc  led.o [1]
led_day                 0x2000023c     0x1  Data  Lc  led.o [1]
led_drops               0x20000239     0x1  Data  Lc  led.o [1]
led_flow                0x2000023d     0x1  Data  Lc  led.o [1]
led_liter               0x2000023e     0x1  Data  Lc  led.o [1]
led_multifunc           0x20000238     0x1  Data  Lc  led.o [1]
led_raw_ppm_d30         0x20000240     0x1  Data  Lc  led.o [1]
led_raw_ppm_d31         0x20000241     0x1  Data  Lc  led.o [1]
led_raw_water           0x2000023f     0x1  Data  Lc  led.o [1]
led_signal              0x2000023a     0x1  Data  Lc  led.o [1]
led_time                0x2000023b     0x1  Data  Lc  led.o [1]
lmos                    0x08007d7c    0x18  Data  Lc  xttotm.o [3]
lmos                    0x08007de8    0x18  Data  Lc  xDaysTo.o [3]
main                    0x08004b35    0xae  Code  Gb  main.o [1]
make_water_time_to_bush
                        0x20005804     0x4  Data  Gb  main.o [1]
make_water_time_to_check
                        0x20005808     0x4  Data  Gb  main.o [1]
memchr                  0x08009fcd    0x18  Code  Gb  memchr.o [5]
memcmp                  0x08006a81    0x28  Code  Gb  memcmp.o [5]
mktime                  0x08006ac1    0xf8  Code  Gb  mktime.o [3]
mos                     0x08007d94    0x18  Data  Lc  xttotm.o [3]
mos                     0x08007e00    0x18  Data  Lc  xDaysTo.o [3]
mparams                 0x20005720    0x18  Data  Lc  dlmalloc.o [3]
ndigs                   0x08009eb8    0x28  Data  Lc  iar_Stoulx.o [3]
ndigs                   0x08009d1c    0x28  Data  Lc  iar_Stoullx.o [3]
packets_received        0x20005840     0x4  Data  Gb  protocol.o [1]
pos_select              0x0800811d   0x2f6  Code  Lc  led.o [1]
prepend_alloc           0x08000151   0x384  Code  Lc  dlmalloc.o [3]
prvAdcTask              0x0800a143    0xe0  Code  Gb  adc.o [1]
prvAdcTask{1}{2}::is_drop_water_status
                        0x200058b8     0x1  Data  Lc  adc.o [1]
prvAddCurrentTaskToDelayedList
                        0x08003b49    0x68  Code  Lc  tasks.o [1]
prvAddNewTaskToReadyList
                        0x080033dd    0x92  Code  Lc  tasks.o [1]
prvCheckForValidListAndQueue
                        0x08003253    0x4c  Code  Lc  timers.o [1]
prvCheckTasksWaitingTermination
                        0x08003a09    0x3e  Code  Lc  tasks.o [1]
prvCopyDataFromQueue    0x08006267    0x30  Code  Lc  queue.o [1]
prvCopyDataToQueue      0x080061cb    0x9c  Code  Lc  queue.o [1]
prvDataTimeTask         0x08005389   0x25a  Code  Lc  main.o [1]
prvDataTimeTask{2}{3}::device_status_last
                        0x200058cd     0x1  Data  Lc  main.o [1]
prvDeleteTCB            0x08003a51    0x12  Code  Lc  tasks.o [1]
prvDeviceMakeStatusTask
                        0x08004e81    0x88  Code  Lc  main.o [1]
prvDeviceMakeWaterTask  0x08004f75   0x3e0  Code  Lc  main.o [1]
prvDeviceMakeWaterTask{15}{16}::count_5s
                        0x20005820     0x4  Data  Lc  main.o [1]
prvDeviceMakeWaterTask{15}{16}::flowmeter_count
                        0x20005824     0x4  Data  Lc  main.o [1]
prvDeviceMakeWaterTask{15}{16}::is_change
                        0x200058cc     0x1  Data  Lc  main.o [1]
prvDeviceMakeWaterTask{15}{16}{26}{27}::shortage_water_exit
                        0x200058cb     0x1  Data  Lc  main.o [1]
prvDeviceMakeWaterTask{15}{16}{40}{41}{42}{43}::__flowmeter_count
                        0x20005828     0x4  Data  Lc  main.o [1]
prvDeviceSendStatusTask
                        0x08004e31    0x26  Code  Lc  main.o [1]
prvGetNextExpireTime    0x08003069    0x2c  Code  Lc  timers.o [1]
prvGprsTask             0x08009ab1    0x4e  Code  Gb  gprs.o [1]
prvHeapInit             0x08005c8b    0x66  Code  Lc  heap_4.o [1]
prvIdleTask             0x0800399f    0x1a  Code  Lc  tasks.o [1]
prvInitialiseNewQueue   0x08005eb5    0x2c  Code  Lc  queue.o [1]
prvInitialiseNewTask    0x0800333f    0x9e  Code  Lc  tasks.o [1]
prvInitialiseNewTimer   0x08002f19    0x28  Code  Lc  timers.o [1]
prvInitialiseTaskLists  0x080039c5    0x44  Code  Lc  tasks.o [1]
prvInsertBlockIntoFreeList
                        0x08005cf1    0x5e  Code  Lc  heap_4.o [1]
prvInsertTimerInActiveList
                        0x080030bd    0x4e  Code  Lc  timers.o [1]
prvIsQueueEmpty         0x08006321    0x1c  Code  Lc  queue.o [1]
prvIsQueueFull          0x0800633d    0x1e  Code  Lc  queue.o [1]
prvLedTask              0x08004da1    0x88  Code  Lc  main.o [1]
prvLedTask{1}{2}{3}::count_30s
                        0x2000581c     0x4  Data  Lc  main.o [1]
prvLedTask{1}{2}{3}{4}{5}::is_true
                        0x200058c9     0x1  Data  Lc  main.o [1]
prvNotifyQueueSetContainer
                        0x080063dd    0x4e  Code  Lc  queue.o [1]
prvProcessExpiredTimer  0x08002fa5    0x46  Code  Lc  timers.o [1]
prvProcessReceivedCommands
                        0x0800311d    0xc4  Code  Lc  timers.o [1]
prvProcessTimerOrBlockTask
                        0x08003005    0x64  Code  Lc  timers.o [1]
prvResetNextTaskUnblockTime
                        0x08003a63    0x28  Code  Lc  tasks.o [1]
prvSampleTimeNow        0x08003095    0x28  Code  Lc  timers.o [1]
prvSampleTimeNow::xLastTime
                        0x200058a4     0x4  Data  Lc  timers.o [1]
prvSetupHardware        0x08005669    0x38  Code  Lc  main.o [1]
prvSetupTimerInterrupt  0x080064e5    0x28  Code  Lc  port.o [1]
prvShowRefreshTask      0x08008bf5    0x10  Code  Lc  led.o [1]
prvShowTask             0x08008c05   0x828  Code  Gb  led.o [1]
prvShowTask{4}{5}{6}{13}{14}{16}::count_200ms
                        0x200058bc     0x1  Data  Lc  led.o [1]
prvShowTask{4}{5}{6}{13}{14}{16}{17}{18}{19}{20}::n
                        0x200058bd     0x1  Data  Lc  led.o [1]
prvShowTask{4}{5}{6}{13}{14}{16}{17}{18}{19}{22}{23}{25}{26}{27}::n
                        0x200058be     0x1  Data  Lc  led.o [1]
prvShowTask{4}{5}{6}{13}{14}{16}{17}{18}{19}{22}{23}{25}{26}{29}{30}{32}{33}{35}{36}{37}::n
                        0x200058bf     0x1  Data  Lc  led.o [1]
prvShowTask{4}{5}{6}{13}{14}{16}{17}{18}{40}{41}{42}{43}::is_show
                        0x200058c0     0x1  Data  Lc  led.o [1]
prvShowTask{4}{5}{6}{13}{14}{16}{17}{18}{40}{41}{45}{46}{47}{48}::is_show
                        0x200058c1     0x1  Data  Lc  led.o [1]
prvShowTask{4}{5}{6}{13}{14}{16}{17}{18}{40}{41}{45}{49}{50}{51}{52}{53}::is_show
                        0x200058c2     0x1  Data  Lc  led.o [1]
prvShowTask{4}{5}{6}{13}{14}{16}{17}{18}{40}{41}{54}{56}{57}{58}{59}{60}::is_show
                        0x200058c3     0x1  Data  Lc  led.o [1]
prvShowTask{4}{5}{6}{13}{14}{16}{17}{18}{40}{41}{54}{56}{57}{61}{62}{63}{64}{65}::is_show
                        0x200058c4     0x1  Data  Lc  led.o [1]
prvShowTask{4}{5}{6}{13}{14}{16}{17}{18}{40}{66}::is_show
                        0x200058c5     0x1  Data  Lc  led.o [1]
prvShowTask{4}{5}{6}{7}{8}{9}::count_500ms
                        0x200058ba     0x1  Data  Lc  led.o [1]
prvShowTask{4}{5}{6}{7}{8}{9}{10}{11}::is_show
                        0x200058bb     0x1  Data  Lc  led.o [1]
prvSwitchTimerLists     0x080031e1    0x72  Code  Lc  timers.o [1]
prvTaskExitError        0x08006449     0x6  Code  Lc  port.o [1]
prvTimerTask            0x08002feb    0x1a  Code  Lc  timers.o [1]
prvUnlockQueue          0x08006297    0x8a  Code  Lc  queue.o [1]
pvPortMalloc            0x08005b65    0xda  Code  Gb  heap_4.o [1]
pxCurrentTCB            0x20005858     0x4  Data  Gb  tasks.o [1]
pxCurrentTimerList      0x20005894     0x4  Data  Lc  timers.o [1]
pxDelayedTaskList       0x2000585c     0x4  Data  Lc  tasks.o [1]
pxEnd                   0x200057f4     0x4  Data  Lc  heap_4.o [1]
pxOverflowDelayedTaskList
                        0x20005860     0x4  Data  Lc  tasks.o [1]
pxOverflowTimerList     0x20005898     0x4  Data  Lc  timers.o [1]
pxPortInitialiseStack   0x0800642d    0x1a  Code  Gb  port.o [1]
pxReadyTasksLists       0x20005244   0x280  Data  Lc  tasks.o [1]
save_data_default       0x0800ab1c    0x58  Data  Gb  protocol.o [1]
seg_code                0x0800ad48    0x14  Data  Gb  led.o [1]
seg_select              0x08008039    0xd8  Code  Lc  led.o [1]
segment_holding         0x080000c1    0x20  Code  Lc  dlmalloc.o [3]
send_ping_again         0x200057e8     0x4  Data  Gb  gprs.o [1]
show_callback           0x0800848d   0x580  Code  Gb  led.o [1]
show_callback::i        0x200058b9     0x1  Data  Lc  led.o [1]
show_left_down          0x08008a81    0x82  Code  Lc  led.o [1]
show_left_up            0x08008a0d    0x6c  Code  Lc  led.o [1]
show_right_down         0x08008b6f    0x82  Code  Lc  led.o [1]
show_right_up           0x08008b03    0x6c  Code  Lc  led.o [1]
show_single_graph       0x08008459    0x32  Code  Lc  led.o [1]
show_single_num         0x08008413    0x36  Code  Lc  led.o [1]
strlen                  0x08009b5d    0x10  Code  Gb  strlen.o [5]
strstr                  0x08004349    0x32  Code  Gb  strstr.o [3]
strtol                  0x08009f63     0xa  Code  Gb  iar_Stolx.o [3]
struct_to_buf           0x08002cc9    0x9a  Code  Gb  protocol.o [1]
sys_alloc               0x080006e5   0x16c  Code  Lc  dlmalloc.o [3]
sys_trim                0x08000851    0x6a  Code  Lc  dlmalloc.o [3]
time                    0x08002eb9     0x8  Code  Gb  time_trampoline.o [3]
time_dat                0x20005810     0x4  Data  Gb  main.o [1]
tmalloc_large           0x080008cd   0x3fe  Code  Lc  dlmalloc.o [3]
tmalloc_small           0x08000cd1   0x242  Code  Lc  dlmalloc.o [3]
tolower                 0x08009fbb    0x12  Code  Gb  tolower.o [3]
ucHeap                  0x20000244  0x5000  Data  Lc  heap_4.o [1]
ulSetInterruptMaskFromISR
                        0x08007c7d          Code  Gb  portasm.o [1]
uxCriticalNesting       0x20000004     0x4  Data  Lc  port.o [1]
uxCurrentNumberOfTasks  0x20005868     0x4  Data  Lc  tasks.o [1]
uxDeletedTasksWaitingCleanUp
                        0x20005864     0x4  Data  Lc  tasks.o [1]
uxListRemove            0x08005ddf    0x2a  Code  Gb  list.o [1]
uxPendedTicks           0x20005878     0x4  Data  Lc  tasks.o [1]
uxSchedulerSuspended    0x20005890     0x4  Data  Lc  tasks.o [1]
uxTaskNumber            0x20005884     0x4  Data  Lc  tasks.o [1]
uxTopReadyPriority      0x20005870     0x4  Data  Lc  tasks.o [1]
vApplicationIdleHook    0x08005917     0x2  Code  Gb  main.o [1]
vApplicationMallocFailedHook
                        0x08005911     0x6  Code  Gb  main.o [1]
vApplicationStackOverflowHook
                        0x08005919     0x6  Code  Gb  main.o [1]
vApplicationTickHook    0x0800591f   0x1f6  Code  Gb  main.o [1]
vApplicationTickHook::xHigherPriorityTaskWoken
                        0x2000582c     0x4  Data  Lc  main.o [1]
vApplicationTickHook{2}::_keyUpFlag
                        0x200058ce     0x1  Data  Lc  main.o [1]
vApplicationTickHook{2}::_key_up_last_count
                        0x20005830     0x4  Data  Lc  main.o [1]
vApplicationTickHook{2}{3}{4}::_key_holdon_count
                        0x20005834     0x4  Data  Lc  main.o [1]
vApplicationTickHook{2}{3}{4}{5}{6}{7}{9}{10}{11}::is_enter_test_mode
                        0x200058cf     0x1  Data  Lc  main.o [1]
vClearInterruptMaskFromISR
                        0x08007c85          Code  Gb  portasm.o [1]
vEdpRecvProcessTask     0x080098f1    0x7e  Code  Lc  gprs.o [1]
vForceFlushTimerCallback
                        0x08004d3f    0x2e  Code  Gb  main.o [1]
vListInitialise         0x08005d6d    0x1e  Code  Gb  list.o [1]
vListInitialiseItem     0x08005d8b     0x6  Code  Gb  list.o [1]
vListInsert             0x08005da9    0x36  Code  Gb  list.o [1]
vListInsertEnd          0x08005d91    0x18  Code  Gb  list.o [1]
vPortEnterCritical      0x08006495    0x16  Code  Gb  port.o [1]
vPortExitCritical       0x080064ad    0x18  Code  Gb  port.o [1]
vPortFree               0x08005c3f    0x4c  Code  Gb  heap_4.o [1]
vPortStartFirstTask     0x08007c5b          Code  Gb  portasm.o [1]
vPortYield              0x0800647f    0x12  Code  Gb  port.o [1]
vQueueAddToRegistry     0x0800635b    0x2e  Code  Gb  queue.o [1]
vQueueWaitForMessageRestricted
                        0x0800638d    0x50  Code  Gb  queue.o [1]
vSerialPutBytes         0x0800474f    0x28  Code  Gb  serial.o [1]
vSerialPutString        0x08004777    0x24  Code  Gb  serial.o [1]
vSetMSP                 0x08007c15          Code  Gb  portasm.o [1]
vTaskDelay              0x08003541    0x26  Code  Gb  tasks.o [1]
vTaskDelayUntil         0x080034eb    0x56  Code  Gb  tasks.o [1]
vTaskDelete             0x0800346f    0x7c  Code  Gb  tasks.o [1]
vTaskInternalSetTimeOutState
                        0x08003921     0xe  Code  Gb  tasks.o [1]
vTaskMissedYield        0x08003997     0x8  Code  Gb  tasks.o [1]
vTaskPlaceOnEventList   0x08003855    0x1e  Code  Gb  tasks.o [1]
vTaskPlaceOnEventListRestricted
                        0x0800387d    0x2a  Code  Gb  tasks.o [1]
vTaskStartScheduler     0x0800358d    0x44  Code  Gb  tasks.o [1]
vTaskSuspendAll         0x080035d1     0xc  Code  Gb  tasks.o [1]
vTaskSwitchContext      0x080037cd    0x88  Code  Gb  tasks.o [1]
vTestModeTimerCallback  0x08004d6d     0xe  Code  Gb  main.o [1]
wait                    0x08005721    0x1c  Code  Gb  main.o [1]
wait_ms                 0x08005709    0x18  Code  Gb  main.o [1]
water                   0x2000007c    0xa0  Data  Gb  protocol.o [1]
water_default           0x2000011c    0xa0  Data  Gb  protocol.o [1]
xActiveTimerList1       0x2000579c    0x14  Data  Lc  timers.o [1]
xActiveTimerList2       0x200057b0    0x14  Data  Lc  timers.o [1]
xBlockAllocatedBit      0x20005800     0x4  Data  Lc  heap_4.o [1]
xCharsForTx             0x2000584c     0x4  Data  Lc  serial.o [1]
xDelayedTaskList1       0x20005738    0x14  Data  Lc  tasks.o [1]
xDelayedTaskList2       0x2000574c    0x14  Data  Lc  tasks.o [1]
xEdpRecvProcessTaskHandle
                        0x200057d8     0x4  Data  Lc  gprs.o [1]
xForceFlushTimerHandler
                        0x20005814     0x4  Data  Gb  main.o [1]
xFreeBytesRemaining     0x200057f8     0x4  Data  Lc  heap_4.o [1]
xHeapStructSize         0x0800af5c     0x4  Data  Lc  heap_4.o [1]
xIdleTaskHandle         0x2000588c     0x4  Data  Lc  tasks.o [1]
xMinimumEverFreeBytesRemaining
                        0x200057fc     0x4  Data  Lc  heap_4.o [1]
xNextTaskUnblockTime    0x20005888     0x4  Data  Lc  tasks.o [1]
xNumOfOverflows         0x20005880     0x4  Data  Lc  tasks.o [1]
xPendingReadyList       0x20005760    0x14  Data  Lc  tasks.o [1]
xPort                   0x200057ec     0x4  Data  Lc  gprs.o [1]
xPortStartScheduler     0x0800644f    0x30  Code  Gb  port.o [1]
xQueueGenericCreate     0x08005e7b    0x3a  Code  Gb  queue.o [1]
xQueueGenericReset      0x08005e09    0x72  Code  Gb  queue.o [1]
xQueueGenericSend       0x08005ee1   0x108  Code  Gb  queue.o [1]
xQueueGenericSendFromISR
                        0x08005fe9    0x86  Code  Gb  queue.o [1]
xQueueReceive           0x0800606f    0xf0  Code  Gb  queue.o [1]
xQueueReceiveFromISR    0x0800615f    0x6c  Code  Gb  queue.o [1]
xQueueRegistry          0x2000569c    0x40  Data  Gb  queue.o [1]
xRxedChars              0x20005848     0x4  Data  Lc  serial.o [1]
xSchedulerRunning       0x20005874     0x4  Data  Lc  tasks.o [1]
xSerialGetBytes         0x080046eb    0x38  Code  Gb  serial.o [1]
xSerialGetChar          0x080046cb    0x20  Code  Gb  serial.o [1]
xSerialPortInit         0x08004639    0x92  Code  Gb  serial.o [1]
xSerialPutChar          0x08004723    0x2c  Code  Gb  serial.o [1]
xStart                  0x200057d0     0x8  Data  Lc  heap_4.o [1]
xSuspendedTaskList      0x20005788    0x14  Data  Lc  tasks.o [1]
xTaskCheckForTimeOut    0x08003939    0x5e  Code  Gb  tasks.o [1]
xTaskCreate             0x080032dd    0x62  Code  Gb  tasks.o [1]
xTaskGetSchedulerState  0x08003a91    0x1e  Code  Gb  tasks.o [1]
xTaskGetTickCount       0x08003695     0x6  Code  Gb  tasks.o [1]
xTaskGetTickCountFromISR
                        0x0800369b     0x8  Code  Gb  tasks.o [1]
xTaskIncrementTick      0x080036cd    0xf8  Code  Gb  tasks.o [1]
xTaskPriorityDisinherit
                        0x08003abd    0x5a  Code  Gb  tasks.o [1]
xTaskRemoveFromEventList
                        0x080038b1    0x64  Code  Gb  tasks.o [1]
xTaskResumeAll          0x080035dd    0xb8  Code  Gb  tasks.o [1]
xTasksWaitingTermination
                        0x20005774    0x14  Data  Lc  tasks.o [1]
xTestModeTimerHandler   0x20005818     0x4  Data  Gb  main.o [1]
xTickCount              0x2000586c     0x4  Data  Lc  tasks.o [1]
xTimerCreate            0x08002eed    0x2c  Code  Gb  timers.o [1]
xTimerCreateTimerTask   0x08002ec1    0x2c  Code  Gb  timers.o [1]
xTimerGenericCommand    0x08002f41    0x64  Code  Gb  timers.o [1]
xTimerIsTimerActive     0x080032a5    0x1e  Code  Gb  timers.o [1]
xTimerQueue             0x2000589c     0x4  Data  Lc  timers.o [1]
xTimerTaskHandle        0x200058a0     0x4  Data  Lc  timers.o [1]
xYieldPending           0x2000587c     0x4  Data  Lc  tasks.o [1]
xedpNetCheckHandlerTask
                        0x200057dc     0x4  Data  Lc  gprs.o [1]
xedpNetPingHandlerTask  0x200057e0     0x4  Data  Lc  gprs.o [1]


[1] = E:\CORTEX_M0_STM32F030_IAR\Projects\STM32F0xx_APP\EWARM\bootloader\Obj
[2] = command line
[3] = dl6M_tlf.a
[4] = m6M_tl.a
[5] = rt6M_tl.a
[6] = shb_l.a

  43 806 bytes of readonly  code memory
   1 274 bytes of readonly  data memory
  26 835 bytes of readwrite data memory

Errors: none
Warnings: none
